// Jest Snapshot v1, https://goo.gl/fbAQLP

exports[`renders correctly 1`] = `
<div>
  <div
    class="css-0"
  >
    <div
      class="css-10k5p03"
      id="projectDetails"
    >
      <div
        class="css-0"
      >
        <div
          class="chakra-stack css-qlxuh7"
        >
          <svg
            class="chakra-icon css-g7llvd"
            focusable="false"
            viewBox="0 0 40 16"
          >
            <circle
              cx="1.42857"
              cy="1.42857"
              fill="currentFill"
              r="1.42857"
            />
            <circle
              cx="1.42857"
              cy="13.8097"
              fill="currentFill"
              r="1.42857"
            />
            <circle
              cx="13.8094"
              cy="1.42857"
              fill="currentFill"
              r="1.42857"
            />
            <circle
              cx="13.8094"
              cy="13.8097"
              fill="currentFill"
              r="1.42857"
            />
            <circle
              cx="26.1903"
              cy="1.42857"
              fill="currentFill"
              r="1.42857"
            />
            <circle
              cx="26.1903"
              cy="13.8097"
              fill="currentFill"
              r="1.42857"
            />
            <circle
              cx="38.5716"
              cy="1.42857"
              fill="currentFill"
              r="1.42857"
            />
            <circle
              cx="38.5716"
              cy="13.8097"
              fill="currentFill"
              r="1.42857"
            />
          </svg>
          <h2
            class="chakra-heading css-16o2lp8"
          >
            Project Details
          </h2>
        </div>
        <div
          class="css-1mliti3"
        >
          <div
            class="chakra-container css-tqikoc"
          >
            <div
              class="chakra-stack css-j7qwjs"
            >
              <div
                class="css-s8hfc8"
              >
                <div
                  class="css-0"
                >
                  <p
                    class="chakra-text css-uwkl65"
                  >
                    Registry
                  </p>
                  <div
                    class="css-0"
                  >
                    <div
                      class="chakra-skeleton css-1tjwkx3"
                    />
                  </div>
                </div>
                <div
                  class="css-0"
                >
                  <p
                    class="chakra-text css-uwkl65"
                  >
                    Methodology
                  </p>
                  <div
                    class="css-0"
                  >
                    <div
                      class="chakra-skeleton css-1tjwkx3"
                    />
                  </div>
                </div>
                <div
                  class="css-0"
                >
                  <p
                    class="chakra-text css-uwkl65"
                  >
                    Project Developer
                  </p>
                  <div
                    class="css-0"
                  >
                    <div
                      class="chakra-skeleton css-1tjwkx3"
                    />
                  </div>
                </div>
                <div
                  class="css-0"
                >
                  <p
                    class="chakra-text css-uwkl65"
                  >
                    Project Link
                  </p>
                  <div
                    class="css-0"
                  >
                    <div
                      class="chakra-skeleton css-1tjwkx3"
                    />
                  </div>
                </div>
                <div
                  class="css-0"
                >
                  <p
                    class="chakra-text css-uwkl65"
                  >
                    Sector
                  </p>
                  <div
                    class="css-0"
                  >
                    <div
                      class="chakra-skeleton css-1tjwkx3"
                    />
                  </div>
                </div>
                <div
                  class="css-0"
                >
                  <p
                    class="chakra-text css-uwkl65"
                  >
                    Project Type
                  </p>
                  <div
                    class="css-0"
                  >
                    <div
                      class="chakra-skeleton css-1tjwkx3"
                    />
                  </div>
                </div>
                <div
                  class="css-0"
                >
                  <p
                    class="chakra-text css-uwkl65"
                  >
                    Status
                  </p>
                  <div
                    class="css-0"
                  >
                    <div
                      class="chakra-skeleton css-1tjwkx3"
                    />
                  </div>
                </div>
                <div
                  class="css-0"
                >
                  <p
                    class="chakra-text css-uwkl65"
                  >
                    Status Updated On
                  </p>
                  <div
                    class="css-0"
                  >
                    <div
                      class="chakra-skeleton css-1tjwkx3"
                    />
                  </div>
                </div>
              </div>
              <div
                class="chakra-stack__divider css-1g2u1yc"
              />
              <div
                class="css-k008qs"
              >
                <div
                  class="css-s8hfc8"
                >
                  <div
                    class="css-0"
                  >
                    <p
                      class="chakra-text css-uwkl65"
                    >
                      Total Available Units
                    </p>
                    <div
                      class="css-0"
                    >
                      <div
                        class="chakra-skeleton css-1tjwkx3"
                      />
                    </div>
                  </div>
                  <div
                    class="css-0"
                  >
                    <p
                      class="chakra-text css-uwkl65"
                    >
                      Total Issuances
                    </p>
                    <div
                      class="css-0"
                    >
                      <div
                        class="chakra-skeleton css-1tjwkx3"
                      />
                    </div>
                  </div>
                  <div
                    class="css-0"
                  >
                    <p
                      class="chakra-text css-uwkl65"
                    >
                      Crediting Period
                    </p>
                    <div
                      class="css-0"
                    >
                      <div
                        class="chakra-skeleton css-1tjwkx3"
                      />
                    </div>
                  </div>
                </div>
                <div
                  class="css-s8hfc8"
                >
                  <div
                    class="css-0"
                  >
                    <p
                      class="chakra-text css-uwkl65"
                    >
                      Total Retirements
                    </p>
                    <div
                      class="css-0"
                    >
                      <div
                        class="chakra-skeleton css-1tjwkx3"
                      />
                    </div>
                  </div>
                  <div
                    class="css-0"
                  >
                    <p
                      class="chakra-text css-uwkl65"
                    >
                      Annual Estimated Units
                    </p>
                    <div
                      class="css-0"
                    >
                      <div
                        class="chakra-skeleton css-1tjwkx3"
                      />
                    </div>
                  </div>
                  <div
                    class="css-0"
                  >
                    <p
                      class="chakra-text css-uwkl65"
                    >
                      Unit Metric Measurement
                    </p>
                    <div
                      class="css-0"
                    >
                      <div
                        class="chakra-skeleton css-1tjwkx3"
                      />
                    </div>
                  </div>
                </div>
              </div>
              <div
                class="chakra-stack__divider css-1g2u1yc"
              />
              <div
                class="css-s8hfc8"
              >
                <div
                  class="css-0"
                >
                  <p
                    class="chakra-text css-uwkl65"
                  >
                    NDC Coverage
                  </p>
                  <div
                    class="css-0"
                  >
                    <div
                      class="chakra-skeleton css-1tjwkx3"
                    />
                  </div>
                </div>
                <div
                  class="css-0"
                >
                  <p
                    class="chakra-text css-uwkl65"
                  >
                    Correspondingly Adjusted
                  </p>
                  <div
                    class="css-0"
                  >
                    <div
                      class="chakra-skeleton css-1tjwkx3"
                    />
                  </div>
                </div>
              </div>
              <div
                class="chakra-stack__divider css-1g2u1yc"
              />
              <div
                class="css-s8hfc8"
              >
                <div
                  class="css-0"
                >
                  <p
                    class="chakra-text css-uwkl65"
                  >
                    Project Tags
                  </p>
                  <div
                    class="css-0"
                  >
                    <div
                      class="chakra-skeleton css-1tjwkx3"
                    />
                  </div>
                </div>
                <div
                  class="css-0"
                >
                  <p
                    class="chakra-text css-uwkl65"
                  >
                    Co-Benefits
                  </p>
                  <div
                    class="css-0"
                  >
                    <div
                      class="chakra-skeleton css-1tjwkx3"
                    />
                  </div>
                </div>
              </div>
            </div>
          </div>
          <div
            class="chakra-container css-11scci"
          >
            <div
              class="chakra-skeleton css-l30rjy"
            />
            <div
              class="chakra-container css-bybdqv"
            >
              <div
                class="css-s8hfc8"
              >
                <div
                  class="css-0"
                >
                  <p
                    class="chakra-text css-uwkl65"
                  >
                    Country
                  </p>
                  <p
                    class="chakra-text css-0"
                  />
                </div>
                <div
                  class="css-0"
                >
                  <p
                    class="chakra-text css-uwkl65"
                  >
                    In-country Region
                  </p>
                  <p
                    class="chakra-text css-0"
                  />
                </div>
                <div
                  class="css-0"
                >
                  <p
                    class="chakra-text css-uwkl65"
                  >
                    Geographic identifier
                  </p>
                  <p
                    class="chakra-text css-0"
                  >
                    --
                  </p>
                </div>
              </div>
            </div>
          </div>
        </div>
      </div>
      <div
        class="css-8dnrdk"
        id="issuancesRetirements"
      >
        <div
          class="chakra-stack css-qlxuh7"
        >
          <svg
            class="chakra-icon css-g7llvd"
            focusable="false"
            viewBox="0 0 40 16"
          >
            <circle
              cx="1.42857"
              cy="1.42857"
              fill="currentFill"
              r="1.42857"
            />
            <circle
              cx="1.42857"
              cy="13.8097"
              fill="currentFill"
              r="1.42857"
            />
            <circle
              cx="13.8094"
              cy="1.42857"
              fill="currentFill"
              r="1.42857"
            />
            <circle
              cx="13.8094"
              cy="13.8097"
              fill="currentFill"
              r="1.42857"
            />
            <circle
              cx="26.1903"
              cy="1.42857"
              fill="currentFill"
              r="1.42857"
            />
            <circle
              cx="26.1903"
              cy="13.8097"
              fill="currentFill"
              r="1.42857"
            />
            <circle
              cx="38.5716"
              cy="1.42857"
              fill="currentFill"
              r="1.42857"
            />
            <circle
              cx="38.5716"
              cy="13.8097"
              fill="currentFill"
              r="1.42857"
            />
          </svg>
          <h2
            class="chakra-heading css-16o2lp8"
          >
            Issuances & Retirements
          </h2>
        </div>
      </div>
    </div>
  </div>
</div>
`;
