// Jest Snapshot v1, https://goo.gl/fbAQLP

exports[`renders correctly with no project 1`] = `
<div>
  <div
    class="chakra-skeleton css-1p3r0co"
  />
</div>
`;

exports[`renders correctly with validation 1`] = `
<div>
  <div
    class="css-cwfjkj"
  >
    <div
      class="css-0"
    >
      <p
        class="chakra-text css-1xi4xed"
      >
        Project Issued To
      </p>
      <p
        class="chakra-text css-0"
      >
        South Pole Carbon Asset Management
      </p>
    </div>
    <div
      class="css-0"
    >
      <p
        class="chakra-text css-1xi4xed"
      >
        Vintage
      </p>
      <p
        class="chakra-text css-0"
      >
        2016
      </p>
    </div>
    <div
      class="css-0"
    >
      <p
        class="chakra-text css-1xi4xed"
      >
        Quantity
      </p>
      <p
        class="chakra-text css-0"
      >
        195
      </p>
    </div>
    <div
      class="css-0"
    >
      <p
        class="chakra-text css-1xi4xed"
      >
        Unit Type
      </p>
      <p
        class="chakra-text css-0"
      >
        Reduction - nature
      </p>
    </div>
    <div
      class="css-0"
    >
      <p
        class="chakra-text css-1xi4xed"
      >
        Monitoring Period
      </p>
      <p
        class="chakra-text css-0"
      >
        2010/04/30 - 2020/03/04
      </p>
    </div>
    <div
      class="css-0"
    >
      <p
        class="chakra-text css-1xi4xed"
      >
        Correspondingly Adjusted
      </p>
      <p
        class="chakra-text css-0"
      >
        --
      </p>
    </div>
    <div
      class="css-0"
    >
      <p
        class="chakra-text css-1xi4xed"
      >
        Issuance Tags
      </p>
      <p
        class="chakra-text css-0"
      >
        <div
          class="css-0"
        >
          <p
            class="chakra-text css-0"
          >
            More information in the project link.
          </p>
          <p
            class="chakra-text css-0"
          >
            Cercarbono Standard.
          </p>
          <p
            class="chakra-text css-0"
          >
            Ecoregistry Serial Number of Issuance: CDC_12_2_1_322_14_CO_1_1_2019 .
          </p>
          <p
            class="chakra-text css-0"
          >
            Sector of issuance: Agriculture; forestry and fishing .
          </p>
          <button
            class="chakra-button css-4xx2wk"
            data-testid="verification-expand"
            type="button"
          >
            View More
          </button>
        </div>
      </p>
    </div>
  </div>
</div>
`;
