// Jest Snapshot v1, https://goo.gl/fbAQLP

exports[`renders correctly 1`] = `
<div>
  <div
    class="chakra-stack css-1igwmid"
  >
    <button
      aria-label="clear continent filter"
      class="chakra-button css-p7mkev"
      type="button"
    >
      <svg
        aria-hidden="true"
        class="chakra-icon css-dvq678"
        focusable="false"
        viewBox="0 0 24 24"
      >
        <path
          d="M15.41 7.41L14 6l-6 6 6 6 1.41-1.41L10.83 12z"
          fill="currentColor"
        />
      </svg>
    </button>
    <p
      class="chakra-text className css-v7dfld"
      style="font-family: fontFamily;"
      variable="variable"
    >
      regions.undefined
    </p>
  </div>
</div>
`;
