// Jest Snapshot v1, https://goo.gl/fbAQLP

exports[`renders correctly 1`] = `
<div>
  <svg
    class="chakra-icon css-sxms86"
    focusable="false"
    viewBox="0 0 12 13"
  >
    <path
      d="M5.99953 12.6884L0.345703 7.0346L1.39953 5.98078L5.99953 10.5654L10.5995 5.98078L11.6534 7.0346L5.99953 12.6884ZM5.99953 6.70765L0.345703 1.05383L1.39953 0L5.99953 4.58463L10.5995 0L11.6534 1.05383L5.99953 6.70765Z"
      fill="currentColor"
    />
  </svg>
</div>
`;
