// Jest Snapshot v1, https://goo.gl/fbAQLP

exports[`renders correctly 1`] = `
<div>
  <button
    class="chakra-button css-eeegjl"
    data-testid="compare-toggle-button"
    type="button"
  >
    Compare
  </button>
</div>
`;
