// Jest Snapshot v1, https://goo.gl/fbAQLP

exports[`renders correctly 1`] = `
<div>
  <div
    class="css-1cua04q"
  >
    My Text
  </div>
</div>
`;
