// Jest Snapshot v1, https://goo.gl/fbAQLP

exports[`renders correctly 1`] = `
<div>
  <div
    class="css-1vzx6oo"
  >
    <p
      class="chakra-text css-11iqvn7"
    >
      1
    </p>
  </div>
</div>
`;
