// Jest Snapshot v1, https://goo.gl/fbAQLP

exports[`renders correctly 1`] = `
<div>
  <div
    class="css-0"
  >
    <img
      class="chakra-image css-0"
      src="/img.jpg"
    />
  </div>
</div>
`;
