// Jest Snapshot v1, https://goo.gl/fbAQLP

exports[`ProjectCompareResultDrawer renders correctly 1`] = `<div />`;
