// Jest Snapshot v1, https://goo.gl/fbAQLP

exports[`renders correctly and modal closes 1`] = `<div />`;

exports[`renders correctly and search modal opens 1`] = `
<div
  aria-hidden="true"
  data-aria-hidden="true"
/>
`;

exports[`renders correctly and search modal opens and closes 1`] = `
<div
  aria-hidden="true"
  data-aria-hidden="true"
/>
`;

exports[`renders correctly and search modal opens and closes 2`] = `
<div
  aria-hidden="true"
  data-aria-hidden="true"
/>
`;

exports[`renders correctly and search modal opens and closes 3`] = `
<div
  aria-hidden="true"
  data-aria-hidden="true"
/>
`;

exports[`renders correctly and search modal opens and closes 4`] = `
<div
  aria-hidden="true"
  data-aria-hidden="true"
/>
`;

exports[`renders correctly with modal close 1`] = `<div />`;

exports[`renders correctly with modal open 1`] = `
<div
  aria-hidden="true"
  data-aria-hidden="true"
/>
`;
