// Jest Snapshot v1, https://goo.gl/fbAQLP

exports[`renders correctly 1`] = `
<div>
  <svg
    class="chakra-icon css-ii8zuh"
    focusable="false"
    viewBox="0 0 24 24"
  >
    <path
      d="M12.0293 20.4997C9.66005 20.4997 7.65109 19.6753 6.00237 18.0266C4.35366 16.3779 3.5293 14.3689 3.5293 11.9997C3.5293 10.0266 4.13986 8.27282 5.361 6.73822C6.58213 5.2036 8.20871 4.21449 10.2407 3.77089C10.6446 3.66961 10.9584 3.76832 11.1821 4.06704C11.4058 4.36576 11.4247 4.69396 11.2388 5.05164C11.0324 5.42727 10.8792 5.81752 10.7792 6.22237C10.6792 6.6272 10.6292 7.05297 10.6292 7.49969C10.6292 9.13859 11.2028 10.5317 12.3501 11.6789C13.4973 12.8261 14.8904 13.3997 16.5293 13.3997C17.0203 13.3997 17.4895 13.3375 17.9369 13.2132C18.3844 13.0888 18.776 12.9446 19.1119 12.7805C19.4299 12.6369 19.7241 12.6597 19.9946 12.8488C20.2651 13.0379 20.3624 13.3249 20.2863 13.7099C19.9316 15.6775 18.975 17.301 17.4167 18.5804C15.8584 19.8599 14.0626 20.4997 12.0293 20.4997ZM12.0293 18.9997C13.4959 18.9997 14.8126 18.5955 15.9793 17.7872C17.1459 16.9789 17.9959 15.9247 18.5293 14.6247C18.1959 14.708 17.8626 14.7747 17.5293 14.8247C17.1959 14.8747 16.8626 14.8997 16.5293 14.8997C14.4793 14.8997 12.7334 14.1789 11.2918 12.7372C9.8501 11.2955 9.12927 9.54969 9.12927 7.49969C9.12927 7.16636 9.15427 6.83302 9.20427 6.49969C9.25427 6.16636 9.32094 5.83302 9.40427 5.49969C8.10427 6.03302 7.05011 6.88302 6.24177 8.04969C5.43344 9.21636 5.02927 10.533 5.02927 11.9997C5.02927 13.933 5.7126 15.583 7.07927 16.9497C8.44594 18.3164 10.0959 18.9997 12.0293 18.9997Z"
      fill="currentColor"
    />
  </svg>
</div>
`;
