// Jest Snapshot v1, https://goo.gl/fbAQLP

exports[`renders correctly 1`] = `
<div>
  <div
    class="css-k008qs"
  >
    <div
      class="css-1775nv6"
    >
      <div
        style="width: 100%; height: 100%;"
      />
    </div>
    <div
      class="css-51blsq"
    >
      <div
        class="css-0"
      >
        <p
          class="chakra-text css-1tjw2bj"
        >
          40
          % 
          Renewable Energy
        </p>
      </div>
      <div
        class="css-0"
      >
        <p
          class="chakra-text css-1pv6nyr"
        >
          24
          % 
          Waste Disposal
        </p>
      </div>
      <div
        class="css-0"
      >
        <p
          class="chakra-text css-ma7g46"
        >
          19
          % 
          Energy Efficiency
        </p>
      </div>
      <div
        class="css-0"
      >
        <p
          class="chakra-text css-4206h5"
        >
          17
          % 
          Others
        </p>
      </div>
    </div>
  </div>
</div>
`;
