// Jest Snapshot v1, https://goo.gl/fbAQLP

exports[`renders correctly 1`] = `
<div>
  <div
    class="css-8y3igr"
    id="headerReference"
  >
    <div
      class="chakra-stack css-ryi8m5"
    >
      <div
        class="chakra-stack css-1jjq5p5"
      >
        <div
          class="css-0"
        >
          <h2
            class="chakra-heading css-0"
            style="margin-bottom: 16px; font-weight: 500;"
          />
        </div>
        <div
          class="css-0"
        >
          <div
            class="chakra-input__group css-ulver4"
            data-group="true"
          >
            <input
              class="chakra-input css-klepor"
              data-testid="search-input-enter"
              type="text"
              value=""
            />
            <div
              class="chakra-input__right-element css-1qy9sq1"
            >
              <button
                class="chakra-button css-1z0w2s9"
                data-testid="search-header-button"
                type="button"
              >
                <div
                  class="css-70qvj9"
                >
                  Search
                  <svg
                    class="chakra-icon css-1hrwg97"
                    focusable="false"
                    viewBox="0 0 24 24"
                  >
                    <path
                      d="M19.1623 20.2239L13.4084 14.4701C12.9084 14.8829 12.3334 15.206 11.6834 15.4393C11.0334 15.6726 10.361 15.7893 9.66613 15.7893C7.95696 15.7893 6.51045 15.1975 5.32658 14.0139C4.14271 12.8304 3.55078 11.3842 3.55078 9.67552C3.55078 7.96678 4.14256 6.52011 5.32613 5.33549C6.5097 4.15089 7.95585 3.55859 9.66458 3.55859C11.3733 3.55859 12.82 4.15053 14.0046 5.33439C15.1892 6.51826 15.7815 7.96478 15.7815 9.67394C15.7815 10.388 15.6616 11.0701 15.4219 11.7201C15.1821 12.3701 14.8623 12.9355 14.4623 13.4162L20.2411 19.1951C20.3796 19.3309 20.4488 19.4975 20.4488 19.695C20.4488 19.8925 20.3706 20.0695 20.214 20.226C20.0705 20.3695 19.8956 20.4412 19.6892 20.4412C19.4828 20.4412 19.3072 20.3688 19.1623 20.2239ZM9.66613 14.2893C10.9546 14.2893 12.0459 13.8422 12.9402 12.948C13.8344 12.0538 14.2815 10.9624 14.2815 9.67394C14.2815 8.38548 13.8344 7.29413 12.9402 6.39989C12.0459 5.50566 10.9546 5.05854 9.66613 5.05854C8.37766 5.05854 7.28631 5.50566 6.39208 6.39989C5.49786 7.29413 5.05076 8.38548 5.05076 9.67394C5.05076 10.9624 5.49786 12.0538 6.39208 12.948C7.28631 13.8422 8.37766 14.2893 9.66613 14.2893Z"
                      fill="currentColor"
                    />
                  </svg>
                </div>
              </button>
            </div>
          </div>
        </div>
      </div>
    </div>
  </div>
  <div
    class="css-k008qs"
  >
    test
  </div>
</div>
`;
